{
  "frame_ids": [
    0,
    16,
    32,
    48,
    64,
    80,
    96,
    112,
    128,
    144,
    160,
    176,
    192,
    208,
    224,
    240,
    256,
    272,
    288,
    304,
    320,
    336,
    352,
    368
  ],
  "features": [
    {
      "name": "input",
      "type": "float",
      "data_points": [
        0,
        3,
        6,
        11,
        11,
        11,
        11,
        11,
        11,
        11,
        11,
        11,
        11,
        11,
        11,
        11,
        11,
        11,
        11,
        11,
        11,
        11,
        11,
        11
      ]
    },
    {
      "name": "gestureDirection",
      "type": "string",
      "data_points": [
        "Max",
        "Max",
        "Max",
        "Max",
        "Max",
        "Max",
        "Max",
        "Max",
        "Max",
        "Max",
        "Max",
        "Max",
        "Max",
        "Max",
        "Max",
        "Max",
        "Max",
        "Max",
        "Max",
        "Max",
        "Max",
        "Max",
        "Max",
        "Max"
      ]
    },
    {
      "name": "output",
      "type": "float",
      "data_points": [
        0,
        3,
        6,
        10.58992,
        13.213701,
        15.27689,
        16.823486,
        17.93786,
        18.712797,
        19.23355,
        19.571312,
        19.781933,
        19.907185,
        19.977114,
        20.01258,
        20.02758,
        20.031174,
        20.029,
        20.024399,
        20.019238,
        20.014452,
        20.010433,
        20,
        20
      ]
    },
    {
      "name": "outputTarget",
      "type": "float",
      "data_points": [
        0,
        3,
        6,
        20,
        20,
        20,
        20,
        20,
        20,
        20,
        20,
        20,
        20,
        20,
        20,
        20,
        20,
        20,
        20,
        20,
        20,
        20,
        20,
        20
      ]
    },
    {
      "name": "outputSpring",
      "type": "springParameters",
      "data_points": [
        {
          "stiffness": 100000,
          "dampingRatio": 1
        },
        {
          "stiffness": 100000,
          "dampingRatio": 1
        },
        {
          "stiffness": 100000,
          "dampingRatio": 1
        },
        {
          "stiffness": 700,
          "dampingRatio": 0.9
        },
        {
          "stiffness": 700,
          "dampingRatio": 0.9
        },
        {
          "stiffness": 700,
          "dampingRatio": 0.9
        },
        {
          "stiffness": 700,
          "dampingRatio": 0.9
        },
        {
          "stiffness": 700,
          "dampingRatio": 0.9
        },
        {
          "stiffness": 700,
          "dampingRatio": 0.9
        },
        {
          "stiffness": 700,
          "dampingRatio": 0.9
        },
        {
          "stiffness": 700,
          "dampingRatio": 0.9
        },
        {
          "stiffness": 700,
          "dampingRatio": 0.9
        },
        {
          "stiffness": 700,
          "dampingRatio": 0.9
        },
        {
          "stiffness": 700,
          "dampingRatio": 0.9
        },
        {
          "stiffness": 700,
          "dampingRatio": 0.9
        },
        {
          "stiffness": 700,
          "dampingRatio": 0.9
        },
        {
          "stiffness": 700,
          "dampingRatio": 0.9
        },
        {
          "stiffness": 700,
          "dampingRatio": 0.9
        },
        {
          "stiffness": 700,
          "dampingRatio": 0.9
        },
        {
          "stiffness": 700,
          "dampingRatio": 0.9
        },
        {
          "stiffness": 700,
          "dampingRatio": 0.9
        },
        {
          "stiffness": 700,
          "dampingRatio": 0.9
        },
        {
          "stiffness": 700,
          "dampingRatio": 0.9
        },
        {
          "stiffness": 700,
          "dampingRatio": 0.9
        }
      ]
    },
    {
      "name": "isStable",
      "type": "boolean",
      "data_points": [
        true,
        true,
        true,
        false,
        false,
        false,
        false,
        false,
        false,
        false,
        false,
        false,
        false,
        false,
        false,
        false,
        false,
        false,
        false,
        false,
        false,
        false,
        true,
        true
      ]
    }
  ]
}