{
  "frame_ids": [
    0,
    16,
    32,
    48,
    64,
    80,
    96,
    112,
    128,
    144,
    160,
    176,
    192,
    208,
    224,
    240,
    256,
    272,
    288,
    304,
    320,
    336,
    352,
    368,
    384,
    400,
    416,
    432
  ],
  "features": [
    {
      "name": "input",
      "type": "float",
      "data_points": [
        0,
        3,
        6,
        9,
        12,
        15,
        18,
        21,
        21,
        21,
        21,
        21,
        21,
        21,
        21,
        21,
        21,
        21,
        21,
        21,
        21,
        21,
        21,
        21,
        21,
        21,
        21,
        21
      ]
    },
    {
      "name": "gestureDirection",
      "type": "string",
      "data_points": [
        "Max",
        "Max",
        "Max",
        "Max",
        "Max",
        "Max",
        "Max",
        "Max",
        "Max",
        "Max",
        "Max",
        "Max",
        "Max",
        "Max",
        "Max",
        "Max",
        "Max",
        "Max",
        "Max",
        "Max",
        "Max",
        "Max",
        "Max",
        "Max",
        "Max",
        "Max",
        "Max",
        "Max"
      ]
    },
    {
      "name": "output",
      "type": "float",
      "data_points": [
        0,
        3,
        6,
        9,
        14.22027,
        20.881996,
        27.33559,
        33.145477,
        36.971085,
        39.13093,
        40.246414,
        40.73661,
        40.874382,
        40.830643,
        40.70759,
        40.56272,
        40.42557,
        40.30897,
        40.21637,
        40.146416,
        40.095673,
        40.060165,
        40.036156,
        40.020485,
        40.01064,
        40.00473,
        40,
        40
      ]
    },
    {
      "name": "outputTarget",
      "type": "float",
      "data_points": [
        0,
        3,
        6,
        9,
        32,
        35,
        38,
        40,
        40,
        40,
        40,
        40,
        40,
        40,
        40,
        40,
        40,
        40,
        40,
        40,
        40,
        40,
        40,
        40,
        40,
        40,
        40,
        40
      ]
    },
    {
      "name": "outputSpring",
      "type": "springParameters",
      "data_points": [
        {
          "stiffness": 100000,
          "dampingRatio": 1
        },
        {
          "stiffness": 100000,
          "dampingRatio": 1
        },
        {
          "stiffness": 100000,
          "dampingRatio": 1
        },
        {
          "stiffness": 100000,
          "dampingRatio": 1
        },
        {
          "stiffness": 700,
          "dampingRatio": 0.9
        },
        {
          "stiffness": 700,
          "dampingRatio": 0.9
        },
        {
          "stiffness": 700,
          "dampingRatio": 0.9
        },
        {
          "stiffness": 700,
          "dampingRatio": 0.9
        },
        {
          "stiffness": 700,
          "dampingRatio": 0.9
        },
        {
          "stiffness": 700,
          "dampingRatio": 0.9
        },
        {
          "stiffness": 700,
          "dampingRatio": 0.9
        },
        {
          "stiffness": 700,
          "dampingRatio": 0.9
        },
        {
          "stiffness": 700,
          "dampingRatio": 0.9
        },
        {
          "stiffness": 700,
          "dampingRatio": 0.9
        },
        {
          "stiffness": 700,
          "dampingRatio": 0.9
        },
        {
          "stiffness": 700,
          "dampingRatio": 0.9
        },
        {
          "stiffness": 700,
          "dampingRatio": 0.9
        },
        {
          "stiffness": 700,
          "dampingRatio": 0.9
        },
        {
          "stiffness": 700,
          "dampingRatio": 0.9
        },
        {
          "stiffness": 700,
          "dampingRatio": 0.9
        },
        {
          "stiffness": 700,
          "dampingRatio": 0.9
        },
        {
          "stiffness": 700,
          "dampingRatio": 0.9
        },
        {
          "stiffness": 700,
          "dampingRatio": 0.9
        },
        {
          "stiffness": 700,
          "dampingRatio": 0.9
        },
        {
          "stiffness": 700,
          "dampingRatio": 0.9
        },
        {
          "stiffness": 700,
          "dampingRatio": 0.9
        },
        {
          "stiffness": 700,
          "dampingRatio": 0.9
        },
        {
          "stiffness": 700,
          "dampingRatio": 0.9
        }
      ]
    },
    {
      "name": "isStable",
      "type": "boolean",
      "data_points": [
        true,
        true,
        true,
        true,
        false,
        false,
        false,
        false,
        false,
        false,
        false,
        false,
        false,
        false,
        false,
        false,
        false,
        false,
        false,
        false,
        false,
        false,
        false,
        false,
        false,
        false,
        true,
        true
      ]
    }
  ]
}