{
  "frame_ids": [
    0,
    16,
    32,
    48,
    64,
    80,
    96,
    112,
    128,
    144,
    160,
    176,
    192
  ],
  "features": [
    {
      "name": "input",
      "type": "float",
      "data_points": [
        0.5,
        0.5,
        0.5,
        0.5,
        0.5,
        0.5,
        0.5,
        0.5,
        0.5,
        0.5,
        0.5,
        0.5,
        0.5
      ]
    },
    {
      "name": "gestureDirection",
      "type": "string",
      "data_points": [
        "Max",
        "Max",
        "Max",
        "Max",
        "Max",
        "Max",
        "Max",
        "Max",
        "Max",
        "Max",
        "Max",
        "Max",
        "Max"
      ]
    },
    {
      "name": "output",
      "type": "float",
      "data_points": [
        1.5,
        1.3,
        1.1,
        0.84658206,
        0.579976,
        0.36567324,
        0.21482599,
        0.11771333,
        0.05957961,
        0.027098536,
        0.010269046,
        0,
        0
      ]
    },
    {
      "name": "outputTarget",
      "type": "float",
      "data_points": [
        1.5,
        1.3,
        1.1,
        0,
        0,
        0,
        0,
        0,
        0,
        0,
        0,
        0,
        0
      ]
    },
    {
      "name": "outputSpring",
      "type": "springParameters",
      "data_points": [
        {
          "stiffness": 100000,
          "dampingRatio": 1
        },
        {
          "stiffness": 100000,
          "dampingRatio": 1
        },
        {
          "stiffness": 100000,
          "dampingRatio": 1
        },
        {
          "stiffness": 1400,
          "dampingRatio": 0.9
        },
        {
          "stiffness": 1400,
          "dampingRatio": 0.9
        },
        {
          "stiffness": 1400,
          "dampingRatio": 0.9
        },
        {
          "stiffness": 1400,
          "dampingRatio": 0.9
        },
        {
          "stiffness": 1400,
          "dampingRatio": 0.9
        },
        {
          "stiffness": 1400,
          "dampingRatio": 0.9
        },
        {
          "stiffness": 1400,
          "dampingRatio": 0.9
        },
        {
          "stiffness": 1400,
          "dampingRatio": 0.9
        },
        {
          "stiffness": 1400,
          "dampingRatio": 0.9
        },
        {
          "stiffness": 1400,
          "dampingRatio": 0.9
        }
      ]
    },
    {
      "name": "isStable",
      "type": "boolean",
      "data_points": [
        true,
        true,
        true,
        false,
        false,
        false,
        false,
        false,
        false,
        false,
        false,
        true,
        true
      ]
    }
  ]
}